// Jest Snapshot v1, https://goo.gl/fbAQLP

exports[`matches snapshot 1`] = `
<div
  data-testid="App"
>
  <div
    className="filter"
  >
    find countries 
    <input
      data-testid="Filter"
      onChange={[Function]}
    />
  </div>
  <div
    className="countries"
    data-testid="Countries"
  >
    <p
      className="filter-text"
    >
      Search for a country
    </p>
  </div>
</div>
`;
