// Jest Snapshot v1, https://goo.gl/fbAQLP

exports[`Country component matches snapshot 1`] = `
<div
  className="country"
  data-testid="Country"
>
  <div
    className="country-data"
  >
    <img
      alt="Africa"
      className="img"
      data-testid="img"
    />
    <h2>
      Africa
    </h2>
    <table>
      <tbody>
        <tr>
          <td>
            <h3>
              Capital
            </h3>
          </td>
          <td>
            <p>
              Wakanda
            </p>
          </td>
        </tr>
        <tr>
          <td>
            <h3>
              Population
            </h3>
          </td>
          <td>
            <p>
              123456
            </p>
          </td>
        </tr>
      </tbody>
    </table>
    <div
      className="languages"
    >
      <h3>
        Languages
      </h3>
      <li>
        language1
      </li>
      <li>
        language2
      </li>
      <li>
        language3
      </li>
    </div>
  </div>
  <div
    data-testid="Weather"
  />
</div>
`;
